10:49:16 | INFO    | comprasnet.driver | Conectado ao Chrome em 127.0.0.1:9222
10:49:41 | INFO    | comprasnet.driver | Conectado ao Chrome em 127.0.0.1:9222
11:13:19 | INFO    | comprasnet.driver | Conectado ao Chrome em 127.0.0.1:9222
11:16:49 | INFO    | comprasnet.driver | Conectado ao Chrome em 127.0.0.1:9222
11:16:49 | INFO    | comprasnet.main | Tela de execução carregada.
11:16:49 | INFO    | comprasnet.helpers | Lendo planilha: C:\Users\pedro.naia\OneDrive - MPRJ\Documentos\Projeto_AutoComprasNet\cadastro.xlsx | aba: Sheet1
11:28:24 | INFO    | comprasnet.driver | Conectado ao Chrome em 127.0.0.1:9222
11:28:25 | INFO    | comprasnet.main | Tela de execução carregada.
11:28:25 | INFO    | comprasnet.helpers | Lendo planilha: C:\Users\pedro.naia\OneDrive - MPRJ\Documentos\Projeto_AutoComprasNet\cadastro.xlsx | aba: Sheet1
11:28:26 | INFO    | comprasnet.helpers | Linhas carregadas: 18
11:28:26 | INFO    | comprasnet.main | ▶ Etapa: Dados Básicos
11:28:26 | INFO    | comprasnet.page_dados_basicos | Criando contratação: Modalidade Lotérica de Apostas de Quota Fixa – Bets
11:33:51 | INFO    | comprasnet.driver | Conectado ao Chrome em 127.0.0.1:9222
11:33:52 | INFO    | comprasnet.main | Tela de execução carregada.
11:33:52 | INFO    | comprasnet.helpers | Lendo planilha: C:\Users\pedro.naia\OneDrive - MPRJ\Documentos\Projeto_AutoComprasNet\cadastro.xlsx | aba: Sheet1
11:33:53 | INFO    | comprasnet.helpers | Linhas carregadas: 18
11:33:53 | INFO    | comprasnet.main | ▶ Etapa: Dados Básicos
11:33:53 | INFO    | comprasnet.page_dados_basicos | Criando contratação: Modalidade Lotérica de Apostas de Quota Fixa – Bets
11:33:58 | INFO    | comprasnet.page_dados_basicos | Pré-cadastro concluído.
11:33:58 | INFO    | comprasnet.page_dados_basicos | Selecionando PCA: PCA 2026 - Em Execução
11:33:59 | ERROR   | comprasnet.main | Falha na etapa 'Dados Básicos'
Traceback (most recent call last):
  File "c:\Users\pedro.naia\OneDrive - MPRJ\Documentos\Projeto_AutoComprasNet\main.py", line 61, in main
    executar(driver, itens)
    ~~~~~~~~^^^^^^^^^^^^^^^
  File "c:\Users\pedro.naia\OneDrive - MPRJ\Documentos\Projeto_AutoComprasNet\main.py", line 29, in <lambda>
    ("Dados Básicos", lambda d, itens: page_dados_basicos.run(d, itens[0])),
                                       ~~~~~~~~~~~~~~~~~~~~~~^^^^^^^^^^^^^
  File "c:\Users\pedro.naia\OneDrive - MPRJ\Documentos\Projeto_AutoComprasNet\page_dados_basicos.py", line 340, in run
    selecionar_pca(driver, item, timeout)
    ~~~~~~~~~~~~~~^^^^^^^^^^^^^^^^^^^^^^^
  File "c:\Users\pedro.naia\OneDrive - MPRJ\Documentos\Projeto_AutoComprasNet\page_dados_basicos.py", line 182, in selecionar_pca
    wclick(driver, S.PCA_COMBO, timeout)
    ~~~~~~^^^^^^^^^^^^^^^^^^^^^^^^^^^^^^
  File "c:\Users\pedro.naia\OneDrive - MPRJ\Documentos\Projeto_AutoComprasNet\utils_dom.py", line 69, in wclick
    el.click()
    ~~~~~~~~^^
  File "C:\Users\pedro.naia\OneDrive - MPRJ\Documentos\Projeto_AutoComprasNet\venv\Lib\site-packages\selenium\webdriver\remote\webelement.py", line 112, in click
    self._execute(Command.CLICK_ELEMENT)
    ~~~~~~~~~~~~~^^^^^^^^^^^^^^^^^^^^^^^
  File "C:\Users\pedro.naia\OneDrive - MPRJ\Documentos\Projeto_AutoComprasNet\venv\Lib\site-packages\selenium\webdriver\remote\webelement.py", line 504, in _execute
    return self._parent.execute(command, params)
           ~~~~~~~~~~~~~~~~~~~~^^^^^^^^^^^^^^^^^
  File "C:\Users\pedro.naia\OneDrive - MPRJ\Documentos\Projeto_AutoComprasNet\venv\Lib\site-packages\selenium\webdriver\remote\webdriver.py", line 506, in execute
    self.error_handler.check_response(response)
    ~~~~~~~~~~~~~~~~~~~~~~~~~~~~~~~~~^^^^^^^^^^
  File "C:\Users\pedro.naia\OneDrive - MPRJ\Documentos\Projeto_AutoComprasNet\venv\Lib\site-packages\selenium\webdriver\remote\errorhandler.py", line 232, in check_response
    raise exception_class(message, screen, stacktrace)
selenium.common.exceptions.ElementClickInterceptedException: Message: element click intercepted: Element <span role="combobox" pautofocus="" class="p-element p-dropdown-label p-inputtext ng-star-inserted" aria-disabled="false" id="input-pca" aria-label="PCA 2026 - Em Execução" aria-labelledby="label-pca" aria-haspopup="listbox" aria-expanded="false" tabindex="0">...</span> is not clickable at point (464, 327). Other element would receive the click: <div _ngcontent-ng-c749777479="" id="spinner" class="backdrop ng-star-inserted" style="opacity: 0.7; background-color: rgb(241, 241, 241);">...</div>
  (Session info: chrome=154.0.8037.58); For documentation on this error, please visit: https://www.selenium.dev/documentation/webdriver/troubleshooting/errors#elementclickinterceptedexception
Stacktrace:
	chromedriver!GetHandleVerifier [0x7ff6a7fd9d55+5a55]
	chromedriver!(No symbol) [0x7ff6a7eff540]
	chromedriver!(No symbol) [0x7ff6a7d245fd]
	chromedriver!(No symbol) [0x7ff6a7d87a73]
	chromedriver!(No symbol) [0x7ff6a7d8567a]
	chromedriver!(No symbol) [0x7ff6a7d829b7]
	chromedriver!(No symbol) [0x7ff6a7d81880]
	chromedriver!(No symbol) [0x7ff6a7d73828]
	chromedriver!(No symbol) [0x7ff6a7da90ea]
	chromedriver!(No symbol) [0x7ff6a7d730a6]
	chromedriver!(No symbol) [0x7ff6a7dcfcd9]
	chromedriver!(No symbol) [0x7ff6a7d71a12]
	chromedriver!(No symbol) [0x7ff6a7d72823]
	chromedriver!GetHandleVerifier [0x7ff6a83f04b1+41c1b1]
	chromedriver!GetHandleVerifier [0x7ff6a841e26b+449f6b]
	chromedriver!GetHandleVerifier [0x7ff6a841274e+43e44e]
	chromedriver!GetHandleVerifier [0x7ff6a80d32fe+feffe]
	chromedriver!(No symbol) [0x7ff6a7f0cb55]
	chromedriver!(No symbol) [0x7ff6a7f07f64]
	chromedriver!(No symbol) [0x7ff6a7f080f4]
	chromedriver!(No symbol) [0x7ff6a7ef2e4c]
	KERNEL32!BaseThreadInitThunk [0x7ffe8357e957+17]
	ntdll!RtlUserThreadStart [0x7ffe84fead6c+2c]

11:33:59 | INFO    | comprasnet.main | ====================================================
11:33:59 | INFO    | comprasnet.main | RELATÓRIO DE EXECUÇÃO
11:33:59 | INFO    | comprasnet.main |   ❌ Dados Básicos    ERRO — Message: element click intercepted: Element <span role="combobox" pautofocus="" class="p-element p-dropdown-label p-inputtext ng-star-inserted" aria-disabled="false" id="input-pca" aria-label="PCA 2026 - Em Execução" aria-labelledby="label-pca" aria-haspopup="listbox" aria-expanded="false" tabindex="0">...</span> is not clickable at point (464, 327). Other element would receive the click: <div _ngcontent-ng-c749777479="" id="spinner" class="backdrop ng-star-inserted" style="opacity: 0.7; background-color: rgb(241, 241, 241);">...</div>
  (Session info: chrome=154.0.8037.58); For documentation on this error, please visit: https://www.selenium.dev/documentation/webdriver/troubleshooting/errors#elementclickinterceptedexception
Stacktrace:
	chromedriver!GetHandleVerifier [0x7ff6a7fd9d55+5a55]
	chromedriver!(No symbol) [0x7ff6a7eff540]
	chromedriver!(No symbol) [0x7ff6a7d245fd]
	chromedriver!(No symbol) [0x7ff6a7d87a73]
	chromedriver!(No symbol) [0x7ff6a7d8567a]
	chromedriver!(No symbol) [0x7ff6a7d829b7]
	chromedriver!(No symbol) [0x7ff6a7d81880]
	chromedriver!(No symbol) [0x7ff6a7d73828]
	chromedriver!(No symbol) [0x7ff6a7da90ea]
	chromedriver!(No symbol) [0x7ff6a7d730a6]
	chromedriver!(No symbol) [0x7ff6a7dcfcd9]
	chromedriver!(No symbol) [0x7ff6a7d71a12]
	chromedriver!(No symbol) [0x7ff6a7d72823]
	chromedriver!GetHandleVerifier [0x7ff6a83f04b1+41c1b1]
	chromedriver!GetHandleVerifier [0x7ff6a841e26b+449f6b]
	chromedriver!GetHandleVerifier [0x7ff6a841274e+43e44e]
	chromedriver!GetHandleVerifier [0x7ff6a80d32fe+feffe]
	chromedriver!(No symbol) [0x7ff6a7f0cb55]
	chromedriver!(No symbol) [0x7ff6a7f07f64]
	chromedriver!(No symbol) [0x7ff6a7f080f4]
	chromedriver!(No symbol) [0x7ff6a7ef2e4c]
	KERNEL32!BaseThreadInitThunk [0x7ffe8357e957+17]
	ntdll!RtlUserThreadStart [0x7ffe84fead6c+2c]

11:33:59 | INFO    | comprasnet.main | Tempo total: 8.3s
11:33:59 | INFO    | comprasnet.main | Evidências/Logs: C:\Users\pedro.naia\OneDrive - MPRJ\Documentos\Projeto_AutoComprasNet\logs
11:33:59 | INFO    | comprasnet.main | ====================================================
12:27:25 | INFO    | comprasnet.driver | Conectado ao Chrome em 127.0.0.1:9222
12:27:26 | INFO    | comprasnet.main | Tela de execução carregada.
12:27:26 | INFO    | comprasnet.helpers | Lendo planilha: C:\Users\pedro.naia\OneDrive - MPRJ\Documentos\Projeto_AutoComprasNet\cadastro.xlsx | aba: Sheet1
12:27:26 | INFO    | comprasnet.helpers | Linhas carregadas: 18
12:27:26 | INFO    | comprasnet.main | ▶ Etapa: Dados Básicos
12:27:26 | INFO    | comprasnet.page_dados_basicos | Selecionando PCA: PCA 2026 - Em Execução
12:27:28 | INFO    | comprasnet.page_dados_basicos | Abrindo aba 'Contratações Minhas UASG'...
12:28:29 | ERROR   | comprasnet.main | Falha na etapa 'Dados Básicos'
Traceback (most recent call last):
  File "c:\Users\pedro.naia\OneDrive - MPRJ\Documentos\Projeto_AutoComprasNet\main.py", line 61, in main
    executar(driver, itens)
    ~~~~~~~~^^^^^^^^^^^^^^^
  File "c:\Users\pedro.naia\OneDrive - MPRJ\Documentos\Projeto_AutoComprasNet\main.py", line 29, in <lambda>
    ("Dados Básicos", lambda d, itens: page_dados_basicos.run(d, itens[0])),
                                       ~~~~~~~~~~~~~~~~~~~~~~^^^^^^^^^^^^^
  File "c:\Users\pedro.naia\OneDrive - MPRJ\Documentos\Projeto_AutoComprasNet\page_dados_basicos.py", line 343, in run
    abrir_aba_minhas_uasg(driver, timeout)
    ~~~~~~~~~~~~~~~~~~~~~^^^^^^^^^^^^^^^^^
  File "c:\Users\pedro.naia\OneDrive - MPRJ\Documentos\Projeto_AutoComprasNet\page_dados_basicos.py", line 195, in abrir_aba_minhas_uasg
    wclick(driver, S.TAB_MINHAS_UASG, timeout)
    ~~~~~~^^^^^^^^^^^^^^^^^^^^^^^^^^^^^^^^^^^^
  File "c:\Users\pedro.naia\OneDrive - MPRJ\Documentos\Projeto_AutoComprasNet\utils_dom.py", line 74, in wclick
    raise TimeoutException(f"Elemento não clicável: {css_selector}")
selenium.common.exceptions.TimeoutException: Message: Elemento não clicável: #contratacoes-minhauasg

12:28:29 | INFO    | comprasnet.main | ====================================================
12:28:29 | INFO    | comprasnet.main | RELATÓRIO DE EXECUÇÃO
12:28:29 | INFO    | comprasnet.main |   ❌ Dados Básicos    ERRO — Message: Elemento não clicável: #contratacoes-minhauasg

12:28:29 | INFO    | comprasnet.main | Tempo total: 68.0s
12:28:29 | INFO    | comprasnet.main | Evidências/Logs: C:\Users\pedro.naia\OneDrive - MPRJ\Documentos\Projeto_AutoComprasNet\logs
12:28:29 | INFO    | comprasnet.main | ====================================================
